Microsoft (R) Macro Assembler Version 6.11		    11/02/23 16:04:14
3_4_1.asm						     Page 1 - 1


				;默认采用ML6.11汇编程序
 0000				DATAS SEGMENT
 0000 FFFF			    a dw 0ffffh
 0002 0101			    b dw 0101h
 0004 0102			    e dw 0102h
 0006 0103			    d dw 0103h
 0008				DATAS ENDS

 0000				STACKS SEGMENT
				    ;此处输入堆栈段代码
 0000				STACKS ENDS

 0000				CODES SEGMENT
				    ASSUME CS:CODES,DS:DATAS,SS:STACKS
 0000				START:
 0000  B8 ---- R		    MOV AX,DATAS
 0003  8E D8			    MOV DS,AX
				    ;此处输入代码段代码
 0005  A1 0002 R		    mov ax,word ptr b
 0008  8B 1E 0004 R		    mov bx,word ptr e
 000C  03 C3			    add ax,bx
 000E  83 D2 00			    adc dx,0
 0011  8B 1E 0006 R		    mov bx,word ptr d
 0015  F7 E3			    mul bx
 0017  8B CA			    mov cx,dx
 0019  8B D8			    mov bx,ax
 001B  A1 0000 R		    mov ax,word ptr a
 001E  99			    cwd
 001F  2B C3			    sub ax,bx
 0021  1B D1			    sbb dx,cx
 0023  A3 0100			    mov word ptr ds:[0100h],ax
 0026  89 16 0102		    mov word ptr ds:[0102h],dx
				    ;第一个算式计算完成
 002A  A1 0006 R		   	mov ax,d
 002D  99			   	cwd 
 002E  2B 06 0004 R		   	sub ax,e
 0032  8B D8			   	mov bx,ax
				   	;bx<-d-c
 0034  A1 0002 R		   	mov ax,b
 0037  99			    cwd
 0038  F7 F3			    div bx
 003A  8B D8			    mov bx,ax
				    ;bx<-b/(d-c)
 003C  A1 0002 R		    mov ax,b
 003F  99			    cwd
 0040  03 06 0004 R		    add ax,e
 0044  83 D2 00			    adc dx,0
 0047  2B C3			    sub ax,bx
 0049  83 DA 00			    sbb dx,0
 004C  A3 0104			    mov word ptr ds:[0104h],ax
 004F  89 16 0106		    mov word ptr ds:[0106h],dx
				    
				    
 0053  B4 4C			    MOV AH,4CH
 0055  CD 21			    INT 21H
 0057				CODES ENDS
				    END START
Microsoft (R) Macro Assembler Version 6.11		    11/02/23 16:04:14
3_4_1.asm						     Symbols 2 - 1




Segments and Groups:

                N a m e                 Size     Length   Align   Combine Class

CODES  . . . . . . . . . . . . .	16 Bit	 0057	  Para	  Private 
DATAS  . . . . . . . . . . . . .	16 Bit	 0008	  Para	  Private 
STACKS . . . . . . . . . . . . .	16 Bit	 0000	  Para	  Private 


Symbols:

                N a m e                 Type     Value    Attr

START  . . . . . . . . . . . . .	L Near	 0000	  CODES	
a  . . . . . . . . . . . . . . .	Word	 0000	  DATAS	
b  . . . . . . . . . . . . . . .	Word	 0002	  DATAS	
d  . . . . . . . . . . . . . . .	Word	 0006	  DATAS	
e  . . . . . . . . . . . . . . .	Word	 0004	  DATAS	

	   0 Warnings
	   0 Errors
