Microsoft (R) Macro Assembler Version 6.11		    12/13/23 15:27:11
6_2_2.asm						     Page 1 - 1


				.model small
				.stack
 0000				.data
 0000				.code
				.startup
				.repeat
 0017  89 07			mov [bx], ax
 0019  43			inc bx
 001A  43			inc bx
 001B  40			inc ax
				.until ax==10

				.exit 0
				end
Microsoft (R) Macro Assembler Version 6.11		    12/13/23 15:27:11
6_2_2.asm						     Symbols 2 - 1




Segments and Groups:

                N a m e                 Size     Length   Align   Combine Class

DGROUP . . . . . . . . . . . . .	GROUP
_DATA  . . . . . . . . . . . . .	16 Bit	 0000	  Word	  Public  'DATA'	
STACK  . . . . . . . . . . . . .	16 Bit	 0400	  Para	  Stack	  'STACK'	 
_TEXT  . . . . . . . . . . . . .	16 Bit	 0026	  Word	  Public  'CODE'	


Symbols:

                N a m e                 Type     Value    Attr

@CodeSize  . . . . . . . . . . .	Number	 0000h	 
@DataSize  . . . . . . . . . . .	Number	 0000h	 
@Interface . . . . . . . . . . .	Number	 0000h	 
@Model . . . . . . . . . . . . .	Number	 0002h	 
@Startup . . . . . . . . . . . .	L Near	 0000	  _TEXT	
@code  . . . . . . . . . . . . .	Text   	 _TEXT
@data  . . . . . . . . . . . . .	Text   	 DGROUP
@fardata?  . . . . . . . . . . .	Text   	 FAR_BSS
@fardata . . . . . . . . . . . .	Text   	 FAR_DATA
@stack . . . . . . . . . . . . .	Text   	 DGROUP

	   0 Warnings
	   0 Errors
