Microsoft (R) Macro Assembler Version 6.11		    03/15/23 09:34:35
hello.asm						     Page 1 - 1


				;********************************************
				;  *程序功能:显示Hello World!                    *
				;  *编译器：Masm 5.0,ML6.11都可以          *
				;  ********************************************
 0000				DATAS  SEGMENT
 0000 48 65 6C 6C 6F 20		     STRING  DB  'Hello World!',13,10,'$'
       57 6F 72 6C 64 21
       0D 0A 24
 000F				DATAS  ENDS

 0000				CODES  SEGMENT
				     ASSUME    CS:CODES,DS:DATAS
				     
 0000				START:
 0000  B8 ---- R		     MOV  AX,DATAS
 0003  8E D8			     MOV  DS,AX
 0005  8D 16 0000 R		     LEA  DX,STRING
 0009  B4 09			     MOV  AH,9
 000B  CD 21			     INT  21H
				   
 000D  B4 4C			     MOV  AH,4CH
 000F  CD 21			     INT  21H
 0011				CODES  ENDS
				    END   START
Microsoft (R) Macro Assembler Version 6.11		    03/15/23 09:34:35
hello.asm						     Symbols 2 - 1




Segments and Groups:

                N a m e                 Size     Length   Align   Combine Class

CODES  . . . . . . . . . . . . .	16 Bit	 0011	  Para	  Private 
DATAS  . . . . . . . . . . . . .	16 Bit	 000F	  Para	  Private 


Symbols:

                N a m e                 Type     Value    Attr

START  . . . . . . . . . . . . .	L Near	 0000	  CODES	
STRING . . . . . . . . . . . . .	Byte	 0000	  DATAS	

	   0 Warnings
	   0 Errors
