Microsoft (R) Macro Assembler Version 6.11		    11/27/23 21:53:53
shello.asm						     Page 1 - 1


				;********************************************
				;  *程序功能：简化段的Hello World程序      *
				;  *编译器：ML6.11                                   *
				;  ********************************************
				;
				.MODEL SMALL
 0000				.DATA
 0000 48 65 6C 6C 6F 20		     STRING  DB  'Hello World!',13,10,'$'
       57 6F 72 6C 64 21
       0D 0A 24
				.STACK
 0000				.CODE
				.STARTUP
 0017  8D 16 0000 R		     LEA  DX,STRING
 001B  B4 09			     MOV  AH,9
 001D  CD 21			     INT  21H
				.EXIT
				     END
Microsoft (R) Macro Assembler Version 6.11		    11/27/23 21:53:53
shello.asm						     Symbols 2 - 1




Segments and Groups:

                N a m e                 Size     Length   Align   Combine Class

DGROUP . . . . . . . . . . . . .	GROUP
_DATA  . . . . . . . . . . . . .	16 Bit	 000F	  Word	  Public  'DATA'	
STACK  . . . . . . . . . . . . .	16 Bit	 0400	  Para	  Stack	  'STACK'	 
_TEXT  . . . . . . . . . . . . .	16 Bit	 0023	  Word	  Public  'CODE'	


Symbols:

                N a m e                 Type     Value    Attr

@CodeSize  . . . . . . . . . . .	Number	 0000h	 
@DataSize  . . . . . . . . . . .	Number	 0000h	 
@Interface . . . . . . . . . . .	Number	 0000h	 
@Model . . . . . . . . . . . . .	Number	 0002h	 
@Startup . . . . . . . . . . . .	L Near	 0000	  _TEXT	
@code  . . . . . . . . . . . . .	Text   	 _TEXT
@data  . . . . . . . . . . . . .	Text   	 DGROUP
@fardata?  . . . . . . . . . . .	Text   	 FAR_BSS
@fardata . . . . . . . . . . . .	Text   	 FAR_DATA
@stack . . . . . . . . . . . . .	Text   	 DGROUP
STRING . . . . . . . . . . . . .	Byte	 0000	  _DATA	

	   0 Warnings
	   0 Errors
