Microsoft (R) Macro Assembler Version 5.00                  7/16/20 17:20:44
                                                             Page     1-1


       1 0000				DATAS  SEGMENT 
       2 0000  05			    FIVE  DB    5 
       3 0001				DATAS  ENDS 
       4				;**************************************
					****** 
       5				;  *程序功能:计算3+5的和               
					            * 
       6				;  *编译器：Masm 5.0,ML6.11都可以      
					    * 
       7				;  ************************************
					******** 
       8 0000				STACKS  SEGMENT 
       9 0000  0080[			      DB  128 DUP (?) 
      10	    ??			
      11			 ]	
      12				
      13 0080				STACKS  ENDS 
      14				 
      15 0000				CODES  SEGMENT 
      16				     ASSUME    CS:CODES,DS:DATAS,SS:STA
					CKS 
      17 0000				START: 
      18 0000  B8 ---- R		    MOV AX,DATAS 
      19 0003  8E D8			    MOV DS,AX 
      20 0005  A0 0000 R		    MOV AL,FIVE 
      21 0008  04 03			    ADD AL,3 
      22 000A  04 30			    ADD AL,30H 
      23 000C  8A D0			    MOV DL,AL 
      24 000E  B4 02			    MOV AH,2 
      25 0010  CD 21			    INT 21H 
      26				     
      27 0012  B4 4C			    MOV AH,4CH 
      28 0014  CD 21			    INT 21H 
      29 0016				CODES  ENDS 
      30				    END  START 
Microsoft (R) Macro Assembler Version 5.00                  7/16/20 17:20:44
                                                             Symbols-1


Segments and Groups:

                N a m e         	Length	 Align	Combine Class

CODES  . . . . . . . . . . . . .  	0016	PARA	NONE	
DATAS  . . . . . . . . . . . . .  	0001	PARA	NONE	
STACKS . . . . . . . . . . . . .  	0080	PARA	NONE	

Symbols:            

                N a m e         	Type	 Value	 Attr

FIVE . . . . . . . . . . . . . .  	L BYTE	0000	DATAS

START  . . . . . . . . . . . . .  	L NEAR	0000	CODES

@FILENAME  . . . . . . . . . . .  	TEXT  twosum		


     27 Source  Lines
     27 Total   Lines
      7 Symbols

  50602 + 465190 Bytes symbol space free

      0 Warning Errors
      0 Severe  Errors
