Microsoft (R) Macro Assembler Version 6.11		    11/28/23 15:29:13
4_3_4.asm						     Page 1 - 1


				;默认采用ML6.11汇编程序
 0000				DATAS SEGMENT
 0000  0064 [			    array db 100 dup(?)
        00
       ]
 0064				DATAS ENDS

 0000				STACKS SEGMENT
				    ;此处输入堆栈段代码
 0000				STACKS ENDS

 0000				CODES SEGMENT
				    ASSUME CS:CODES,DS:DATAS,SS:STACKS
 0000				START:
 0000  B8 ---- R		    MOV AX,DATAS
 0003  8E D8			    MOV DS,AX
 0005  BE 0000			    mov si,0
 0008  B9 0064			    mov cx,100	;设置循环次数
 000B				    lp:
 000B  FE 8C 0000 R		    dec array[si]
 000F  46			    inc si
 0010  E2 F9			    loop lp
 0012  B4 4C			    MOV AH,4CH
 0014  CD 21			    INT 21H
 0016				CODES ENDS
				    END START
Microsoft (R) Macro Assembler Version 6.11		    11/28/23 15:29:13
4_3_4.asm						     Symbols 2 - 1




Segments and Groups:

                N a m e                 Size     Length   Align   Combine Class

CODES  . . . . . . . . . . . . .	16 Bit	 0016	  Para	  Private 
DATAS  . . . . . . . . . . . . .	16 Bit	 0064	  Para	  Private 
STACKS . . . . . . . . . . . . .	16 Bit	 0000	  Para	  Private 


Symbols:

                N a m e                 Type     Value    Attr

START  . . . . . . . . . . . . .	L Near	 0000	  CODES	
array  . . . . . . . . . . . . .	Byte	 0000	  DATAS	
lp . . . . . . . . . . . . . . .	L Near	 000B	  CODES	

	   0 Warnings
	   0 Errors
